// Jest Snapshot v1, https://goo.gl/fbAQLP

exports[`Card renders correctly 1`] = `
.emotion-0 {
  box-sizing: border-box;
  padding: 8px;
  margin: 4px;
  display: inline-block;
  border-radius: 3px;
}

<div
  className="emotion-0"
>
  Click me
</div>
`;
